
Discarded input sections

 .group         0x00000000        0x8 ./08_Source/isr.o
 .group         0x00000000        0x8 ./08_Source/isr.o
 .group         0x00000000        0x8 ./08_Source/isr.o
 .group         0x00000000        0x8 ./08_Source/isr.o
 .group         0x00000000        0x8 ./08_Source/isr.o
 .group         0x00000000        0x8 ./08_Source/isr.o
 .group         0x00000000        0x8 ./08_Source/isr.o
 .group         0x00000000        0x8 ./08_Source/isr.o
 .group         0x00000000        0x8 ./08_Source/isr.o
 .group         0x00000000        0x8 ./08_Source/isr.o
 .group         0x00000000        0x8 ./08_Source/isr.o
 .group         0x00000000        0x8 ./08_Source/isr.o
 .group         0x00000000        0x8 ./08_Source/isr.o
 .group         0x00000000        0x8 ./08_Source/isr.o
 .group         0x00000000        0x8 ./08_Source/isr.o
 .group         0x00000000        0x8 ./08_Source/isr.o
 .text          0x00000000        0x0 ./08_Source/isr.o
 .data          0x00000000        0x0 ./08_Source/isr.o
 .bss           0x00000000        0x0 ./08_Source/isr.o
 .group         0x00000000        0x8 ./08_Source/main.o
 .group         0x00000000        0x8 ./08_Source/main.o
 .group         0x00000000        0x8 ./08_Source/main.o
 .group         0x00000000        0x8 ./08_Source/main.o
 .group         0x00000000        0x8 ./08_Source/main.o
 .group         0x00000000        0x8 ./08_Source/main.o
 .group         0x00000000        0x8 ./08_Source/main.o
 .group         0x00000000        0x8 ./08_Source/main.o
 .group         0x00000000        0x8 ./08_Source/main.o
 .group         0x00000000        0x8 ./08_Source/main.o
 .group         0x00000000        0x8 ./08_Source/main.o
 .group         0x00000000        0x8 ./08_Source/main.o
 .group         0x00000000        0x8 ./08_Source/main.o
 .group         0x00000000        0x8 ./08_Source/main.o
 .group         0x00000000        0x8 ./08_Source/main.o
 .group         0x00000000        0x8 ./08_Source/main.o
 .text          0x00000000        0x0 ./08_Source/main.o
 .data          0x00000000        0x0 ./08_Source/main.o
 .bss           0x00000000        0x0 ./08_Source/main.o
 .debug_macro   0x00000000      0x7f6 ./08_Source/main.o
 .debug_macro   0x00000000       0x16 ./08_Source/main.o
 .debug_macro   0x00000000       0x16 ./08_Source/main.o
 .debug_macro   0x00000000       0x44 ./08_Source/main.o
 .debug_macro   0x00000000      0x209 ./08_Source/main.o
 .debug_macro   0x00000000       0x3a ./08_Source/main.o
 .debug_macro   0x00000000       0x3a ./08_Source/main.o
 .debug_macro   0x00000000       0x26 ./08_Source/main.o
 .debug_macro   0x00000000      0x306 ./08_Source/main.o
 .debug_macro   0x00000000       0x10 ./08_Source/main.o
 .debug_macro   0x00000000     0x839f ./08_Source/main.o
 .debug_macro   0x00000000       0x2e ./08_Source/main.o
 .debug_macro   0x00000000       0x52 ./08_Source/main.o
 .debug_macro   0x00000000       0x28 ./08_Source/main.o
 .debug_macro   0x00000000       0x1c ./08_Source/main.o
 .debug_macro   0x00000000       0x16 ./08_Source/main.o
 .group         0x00000000        0x8 ./06_App_Component/switcher/switcher.o
 .group         0x00000000        0x8 ./06_App_Component/switcher/switcher.o
 .group         0x00000000        0x8 ./06_App_Component/switcher/switcher.o
 .group         0x00000000        0x8 ./06_App_Component/switcher/switcher.o
 .group         0x00000000        0x8 ./06_App_Component/switcher/switcher.o
 .group         0x00000000        0x8 ./06_App_Component/switcher/switcher.o
 .group         0x00000000        0x8 ./06_App_Component/switcher/switcher.o
 .group         0x00000000        0x8 ./06_App_Component/switcher/switcher.o
 .group         0x00000000        0x8 ./06_App_Component/switcher/switcher.o
 .group         0x00000000        0x8 ./06_App_Component/switcher/switcher.o
 .group         0x00000000        0x8 ./06_App_Component/switcher/switcher.o
 .group         0x00000000        0x8 ./06_App_Component/switcher/switcher.o
 .group         0x00000000        0x8 ./06_App_Component/switcher/switcher.o
 .group         0x00000000        0x8 ./06_App_Component/switcher/switcher.o
 .text          0x00000000        0x0 ./06_App_Component/switcher/switcher.o
 .data          0x00000000        0x0 ./06_App_Component/switcher/switcher.o
 .bss           0x00000000        0x0 ./06_App_Component/switcher/switcher.o
 .debug_macro   0x00000000      0x7f6 ./06_App_Component/switcher/switcher.o
 .debug_macro   0x00000000       0x16 ./06_App_Component/switcher/switcher.o
 .debug_macro   0x00000000       0x16 ./06_App_Component/switcher/switcher.o
 .debug_macro   0x00000000       0x44 ./06_App_Component/switcher/switcher.o
 .debug_macro   0x00000000      0x209 ./06_App_Component/switcher/switcher.o
 .debug_macro   0x00000000       0x3a ./06_App_Component/switcher/switcher.o
 .debug_macro   0x00000000       0x3a ./06_App_Component/switcher/switcher.o
 .debug_macro   0x00000000       0x26 ./06_App_Component/switcher/switcher.o
 .debug_macro   0x00000000      0x306 ./06_App_Component/switcher/switcher.o
 .debug_macro   0x00000000       0x10 ./06_App_Component/switcher/switcher.o
 .debug_macro   0x00000000     0x839f ./06_App_Component/switcher/switcher.o
 .debug_macro   0x00000000       0x2e ./06_App_Component/switcher/switcher.o
 .debug_macro   0x00000000       0x52 ./06_App_Component/switcher/switcher.o
 .group         0x00000000        0x8 ./06_App_Component/light/light.o
 .group         0x00000000        0x8 ./06_App_Component/light/light.o
 .group         0x00000000        0x8 ./06_App_Component/light/light.o
 .group         0x00000000        0x8 ./06_App_Component/light/light.o
 .group         0x00000000        0x8 ./06_App_Component/light/light.o
 .group         0x00000000        0x8 ./06_App_Component/light/light.o
 .group         0x00000000        0x8 ./06_App_Component/light/light.o
 .group         0x00000000        0x8 ./06_App_Component/light/light.o
 .group         0x00000000        0x8 ./06_App_Component/light/light.o
 .group         0x00000000        0x8 ./06_App_Component/light/light.o
 .group         0x00000000        0x8 ./06_App_Component/light/light.o
 .group         0x00000000        0x8 ./06_App_Component/light/light.o
 .group         0x00000000        0x8 ./06_App_Component/light/light.o
 .group         0x00000000        0x8 ./06_App_Component/light/light.o
 .text          0x00000000        0x0 ./06_App_Component/light/light.o
 .data          0x00000000        0x0 ./06_App_Component/light/light.o
 .bss           0x00000000        0x0 ./06_App_Component/light/light.o
 .text.light_change
                0x00000000       0x1c ./06_App_Component/light/light.o
 .debug_macro   0x00000000      0x7f6 ./06_App_Component/light/light.o
 .debug_macro   0x00000000       0x16 ./06_App_Component/light/light.o
 .debug_macro   0x00000000       0x16 ./06_App_Component/light/light.o
 .debug_macro   0x00000000       0x44 ./06_App_Component/light/light.o
 .debug_macro   0x00000000      0x209 ./06_App_Component/light/light.o
 .debug_macro   0x00000000       0x3a ./06_App_Component/light/light.o
 .debug_macro   0x00000000       0x3a ./06_App_Component/light/light.o
 .debug_macro   0x00000000       0x26 ./06_App_Component/light/light.o
 .debug_macro   0x00000000      0x306 ./06_App_Component/light/light.o
 .debug_macro   0x00000000       0x10 ./06_App_Component/light/light.o
 .debug_macro   0x00000000     0x839f ./06_App_Component/light/light.o
 .debug_macro   0x00000000       0x2e ./06_App_Component/light/light.o
 .debug_macro   0x00000000       0x52 ./06_App_Component/light/light.o
 .group         0x00000000        0x8 ./05_Driver/gpio/gpio.o
 .group         0x00000000        0x8 ./05_Driver/gpio/gpio.o
 .group         0x00000000        0x8 ./05_Driver/gpio/gpio.o
 .group         0x00000000        0x8 ./05_Driver/gpio/gpio.o
 .group         0x00000000        0x8 ./05_Driver/gpio/gpio.o
 .group         0x00000000        0x8 ./05_Driver/gpio/gpio.o
 .group         0x00000000        0x8 ./05_Driver/gpio/gpio.o
 .group         0x00000000        0x8 ./05_Driver/gpio/gpio.o
 .group         0x00000000        0x8 ./05_Driver/gpio/gpio.o
 .group         0x00000000        0x8 ./05_Driver/gpio/gpio.o
 .group         0x00000000        0x8 ./05_Driver/gpio/gpio.o
 .group         0x00000000        0x8 ./05_Driver/gpio/gpio.o
 .group         0x00000000        0x8 ./05_Driver/gpio/gpio.o
 .text          0x00000000        0x0 ./05_Driver/gpio/gpio.o
 .data          0x00000000        0x0 ./05_Driver/gpio/gpio.o
 .bss           0x00000000        0x0 ./05_Driver/gpio/gpio.o
 .text.NVIC_EnableIRQ
                0x00000000       0x2c ./05_Driver/gpio/gpio.o
 .text.NVIC_DisableIRQ
                0x00000000       0x2c ./05_Driver/gpio/gpio.o
 .text.gpio_reverse
                0x00000000       0x54 ./05_Driver/gpio/gpio.o
 .text.gpio_enable_int
                0x00000000       0xb0 ./05_Driver/gpio/gpio.o
 .text.gpio_disable_int
                0x00000000       0x80 ./05_Driver/gpio/gpio.o
 .text.gpio_get_int
                0x00000000       0x58 ./05_Driver/gpio/gpio.o
 .text.gpio_clear_int
                0x00000000       0x60 ./05_Driver/gpio/gpio.o
 .text.gpio_clear_allint
                0x00000000       0x3c ./05_Driver/gpio/gpio.o
 .text.gpio_drive_strength
                0x00000000       0xb4 ./05_Driver/gpio/gpio.o
 .debug_macro   0x00000000      0x7f6 ./05_Driver/gpio/gpio.o
 .debug_macro   0x00000000       0x16 ./05_Driver/gpio/gpio.o
 .debug_macro   0x00000000       0x16 ./05_Driver/gpio/gpio.o
 .debug_macro   0x00000000       0x44 ./05_Driver/gpio/gpio.o
 .debug_macro   0x00000000      0x209 ./05_Driver/gpio/gpio.o
 .debug_macro   0x00000000       0x3a ./05_Driver/gpio/gpio.o
 .debug_macro   0x00000000       0x3a ./05_Driver/gpio/gpio.o
 .debug_macro   0x00000000       0x26 ./05_Driver/gpio/gpio.o
 .debug_macro   0x00000000      0x306 ./05_Driver/gpio/gpio.o
 .debug_macro   0x00000000       0x10 ./05_Driver/gpio/gpio.o
 .debug_macro   0x00000000     0x839f ./05_Driver/gpio/gpio.o
 .debug_macro   0x00000000       0x2e ./05_Driver/gpio/gpio.o
 .data          0x00000000        0x0 ./03_MCU/startup_MKL25Z4.o
 .bss           0x00000000        0x0 ./03_MCU/startup_MKL25Z4.o
 .group         0x00000000        0x8 ./03_MCU/system_MKL25Z4.o
 .group         0x00000000        0x8 ./03_MCU/system_MKL25Z4.o
 .group         0x00000000        0x8 ./03_MCU/system_MKL25Z4.o
 .group         0x00000000        0x8 ./03_MCU/system_MKL25Z4.o
 .group         0x00000000        0x8 ./03_MCU/system_MKL25Z4.o
 .group         0x00000000        0x8 ./03_MCU/system_MKL25Z4.o
 .group         0x00000000        0x8 ./03_MCU/system_MKL25Z4.o
 .group         0x00000000        0x8 ./03_MCU/system_MKL25Z4.o
 .group         0x00000000        0x8 ./03_MCU/system_MKL25Z4.o
 .group         0x00000000        0x8 ./03_MCU/system_MKL25Z4.o
 .text          0x00000000        0x0 ./03_MCU/system_MKL25Z4.o
 .data          0x00000000        0x0 ./03_MCU/system_MKL25Z4.o
 .bss           0x00000000        0x0 ./03_MCU/system_MKL25Z4.o
 .data.SystemCoreClock
                0x00000000        0x4 ./03_MCU/system_MKL25Z4.o
 .debug_macro   0x00000000      0x7f6 ./03_MCU/system_MKL25Z4.o
 .debug_macro   0x00000000       0x16 ./03_MCU/system_MKL25Z4.o
 .debug_macro   0x00000000       0x44 ./03_MCU/system_MKL25Z4.o
 .debug_macro   0x00000000      0x209 ./03_MCU/system_MKL25Z4.o
 .debug_macro   0x00000000       0x3a ./03_MCU/system_MKL25Z4.o
 .debug_macro   0x00000000       0x26 ./03_MCU/system_MKL25Z4.o
 .debug_macro   0x00000000      0x306 ./03_MCU/system_MKL25Z4.o
 .debug_macro   0x00000000       0x10 ./03_MCU/system_MKL25Z4.o
 .debug_macro   0x00000000     0x839f ./03_MCU/system_MKL25Z4.o

Memory Configuration

Name             Origin             Length             Attributes
m_interrupts     0x00000000         0x00000100         xr
m_flash_config   0x00000400         0x00000010         xr
//m_text         0x00000410         0x0001fbf0         xr
m_text           0x00000800         0x0001f7ff         xr
m_data           0x1ffff000         0x00004000         rw
*default*        0x00000000         0xffffffff

Linker script and memory map

LOAD ./08_Source/isr.o
LOAD ./08_Source/main.o
LOAD ./06_App_Component/switcher/switcher.o
LOAD ./06_App_Component/light/light.o
LOAD ./05_Driver/gpio/gpio.o
LOAD ./03_MCU/startup_MKL25Z4.o
LOAD ./03_MCU/system_MKL25Z4.o
LOAD c:/freescale/kds_3.0.0/toolchain/bin/../lib/gcc/arm-none-eabi/4.8.4/armv6-m\libgcc.a
LOAD c:/freescale/kds_3.0.0/toolchain/bin/../lib/gcc/arm-none-eabi/4.8.4/../../../../arm-none-eabi/lib/armv6-m\libstdc++.a
LOAD c:/freescale/kds_3.0.0/toolchain/bin/../lib/gcc/arm-none-eabi/4.8.4/../../../../arm-none-eabi/lib/armv6-m\libm.a
START GROUP
LOAD c:/freescale/kds_3.0.0/toolchain/bin/../lib/gcc/arm-none-eabi/4.8.4/armv6-m\libgcc.a
LOAD c:/freescale/kds_3.0.0/toolchain/bin/../lib/gcc/arm-none-eabi/4.8.4/../../../../arm-none-eabi/lib/armv6-m\libg.a
LOAD c:/freescale/kds_3.0.0/toolchain/bin/../lib/gcc/arm-none-eabi/4.8.4/../../../../arm-none-eabi/lib/armv6-m\libc.a
END GROUP
                0x00000400                HEAP_SIZE = DEFINED (__heap_size__)?__heap_size__:0x400
                0x00000400                STACK_SIZE = DEFINED (__stack_size__)?__stack_size__:0x400

.interrupts     0x00000000       0xc0
                0x00000000                __VECTOR_TABLE = .
                0x00000000                . = ALIGN (0x4)
 *(.isr_vector)
 .isr_vector    0x00000000       0xc0 ./03_MCU/startup_MKL25Z4.o
                0x00000000                __isr_vector
                0x000000c0                . = ALIGN (0x4)

.flash_config   0x00000400       0x10
                0x00000400                . = ALIGN (0x4)
 *(.FlashConfig)
 .FlashConfig   0x00000400       0x10 ./03_MCU/startup_MKL25Z4.o
                0x00000410                . = ALIGN (0x4)

.text           0x00000800      0x648
                0x00000800                . = ALIGN (0x4)
 *(.text)
 .text          0x00000800       0x4c ./03_MCU/startup_MKL25Z4.o
                0x00000800                Reset_Handler
                0x00000844                HardFault_Handler
                0x00000844                SysTick_Handler
                0x00000844                PendSV_Handler
                0x00000844                NMI_Handler
                0x00000844                I2C1_IRQHandler
                0x00000844                DMA2_IRQHandler
                0x00000844                TPM0_IRQHandler
                0x00000844                LLWU_IRQHandler
                0x00000844                TSI0_IRQHandler
                0x00000844                ADC0_IRQHandler
                0x00000844                Reserved39_IRQHandler
                0x00000844                SPI1_IRQHandler
                0x00000844                DefaultISR
                0x00000844                PORTD_IRQHandler
                0x00000844                TPM2_IRQHandler
                0x00000844                RTC_IRQHandler
                0x00000844                I2C0_IRQHandler
                0x00000844                RTC_Seconds_IRQHandler
                0x00000844                MCG_IRQHandler
                0x00000844                Reserved20_IRQHandler
                0x00000844                USB0_IRQHandler
                0x00000844                PIT_IRQHandler
                0x00000844                SVC_Handler
                0x00000844                DMA3_IRQHandler
                0x00000844                DMA0_IRQHandler
                0x00000844                DAC0_IRQHandler
                0x00000844                Reserved45_IRQHandler
                0x00000844                TPM1_IRQHandler
                0x00000844                LVD_LVW_IRQHandler
                0x00000844                SPI0_IRQHandler
                0x00000844                PORTA_IRQHandler
                0x00000844                FTFA_IRQHandler
                0x00000844                LPTMR0_IRQHandler
                0x00000844                CMP0_IRQHandler
                0x00000844                DMA1_IRQHandler
 *(.text*)
 .text.UART0_IRQHandler
                0x0000084c        0x8 ./08_Source/isr.o
                0x0000084c                UART0_IRQHandler
 .text.UART1_IRQHandler
                0x00000854        0x8 ./08_Source/isr.o
                0x00000854                UART1_IRQHandler
 .text.UART2_IRQHandler
                0x0000085c        0x8 ./08_Source/isr.o
                0x0000085c                UART2_IRQHandler
 .text.main     0x00000864       0x64 ./08_Source/main.o
                0x00000864                main
 .text.switcher_init
                0x000008c8       0x38 ./06_App_Component/switcher/switcher.o
                0x000008c8                switcher_init
 .text.switcher_state
                0x00000900       0x20 ./06_App_Component/switcher/switcher.o
                0x00000900                switcher_state
 .text.light_init
                0x00000920       0x2c ./06_App_Component/light/light.o
                0x00000920                light_init
 .text.light_control
                0x0000094c       0x28 ./06_App_Component/light/light.o
                0x0000094c                light_control
 .text.gpio_init
                0x00000974       0xe8 ./05_Driver/gpio/gpio.o
                0x00000974                gpio_init
 .text.gpio_set
                0x00000a5c       0x80 ./05_Driver/gpio/gpio.o
                0x00000a5c                gpio_set
 .text.gpio_get
                0x00000adc       0x54 ./05_Driver/gpio/gpio.o
                0x00000adc                gpio_get
 .text.gpio_pull
                0x00000b30      0x11c ./05_Driver/gpio/gpio.o
                0x00000b30                gpio_pull
 .text.gpio_get_port_pin
                0x00000c4c       0x34 ./05_Driver/gpio/gpio.o
                0x00000c4c                gpio_get_port_pin
 .text.SystemInit
                0x00000c80      0x1a0 ./03_MCU/system_MKL25Z4.o
                0x00000c80                SystemInit
 *(.rodata)
 *(.rodata*)
 .rodata.PORT_ARR
                0x00000e20       0x14 ./05_Driver/gpio/gpio.o
                0x00000e20                PORT_ARR
 .rodata.GPIO_ARR
                0x00000e34       0x14 ./05_Driver/gpio/gpio.o
                0x00000e34                GPIO_ARR
 *(.glue_7)
 .glue_7        0x00000000        0x0 linker stubs
 *(.glue_7t)
 .glue_7t       0x00000000        0x0 linker stubs
 *(.eh_frame)
 *(.init)
 *(.fini)
                0x00000e48                . = ALIGN (0x4)

.vfp11_veneer   0x00000e48        0x0
 .vfp11_veneer  0x00000000        0x0 linker stubs

.v4_bx          0x00000e48        0x0
 .v4_bx         0x00000000        0x0 linker stubs

.iplt           0x00000e48        0x0
 .iplt          0x00000000        0x0 ./08_Source/isr.o

.rel.dyn        0x00000e48        0x0
 .rel.iplt      0x00000000        0x0 ./08_Source/isr.o

.ARM.extab
 *(.ARM.extab* .gnu.linkonce.armextab.*)

.ARM            0x00000e48        0x0
                0x00000e48                __exidx_start = .
 *(.ARM.exidx*)
                0x00000e48                __exidx_end = .

.ctors          0x00000e48        0x0
                0x00000e48                __CTOR_LIST__ = .
 *crtbegin.o(.ctors)
 *crtbegin?.o(.ctors)
 *(EXCLUDE_FILE(*crtend.o *crtend?.o) .ctors)
 *(SORT(.ctors.*))
 *(.ctors)
                0x00000e48                __CTOR_END__ = .

.dtors          0x00000e48        0x0
                0x00000e48                __DTOR_LIST__ = .
 *crtbegin.o(.dtors)
 *crtbegin?.o(.dtors)
 *(EXCLUDE_FILE(*crtend.o *crtend?.o) .dtors)
 *(SORT(.dtors.*))
 *(.dtors)
                0x00000e48                __DTOR_END__ = .

.preinit_array  0x00000e48        0x0
                0x00000e48                PROVIDE (__preinit_array_start, .)
 *(.preinit_array*)
                0x00000e48                PROVIDE (__preinit_array_end, .)

.init_array     0x00000e48        0x0
                0x00000e48                PROVIDE (__init_array_start, .)
 *(SORT(.init_array.*))
 *(.init_array*)
                0x00000e48                PROVIDE (__init_array_end, .)

.fini_array     0x00000e48        0x0
                0x00000e48                PROVIDE (__fini_array_start, .)
 *(SORT(.fini_array.*))
 *(.fini_array*)
                0x00000e48                PROVIDE (__fini_array_end, .)
                0x00000e48                __etext = .
                0x00000e48                __DATA_ROM = .

.mtb            0x1ffff000        0x0
                0x1ffff000                . = ALIGN (0x8)
                0x1ffff000                _mtb_start = .
 *(.mtb_buf)
                0x1ffff000                . = ALIGN (0x8)
                0x1ffff000                _mtb_end = .

.data           0x1ffff000        0x0 load address 0x00000e48
                0x1ffff000                . = ALIGN (0x4)
                0x1ffff000                __DATA_RAM = .
                0x1ffff000                __data_start__ = .
 *(.data)
 *(.data*)
 *(.jcr*)
                0x1ffff000                . = ALIGN (0x4)
                0x1ffff000                __data_end__ = .
                0x00000e48                __DATA_END = (__DATA_ROM + (__data_end__ - __data_start__))

.igot.plt       0x1ffff000        0x0
 .igot.plt      0x00000000        0x0 ./08_Source/isr.o

.bss            0x1ffff000        0x0
                0x1ffff000                . = ALIGN (0x4)
                0x1ffff000                __START_BSS = .
                0x1ffff000                __bss_start__ = .
 *(.bss)
 *(.bss*)
 *(COMMON)
                0x1ffff000                . = ALIGN (0x4)
                0x1ffff000                __bss_end__ = .
                0x1ffff000                __END_BSS = .

.heap           0x1ffff000      0x400
                0x1ffff000                . = ALIGN (0x8)
                0x1ffff000                __end__ = .
                0x1ffff000                PROVIDE (end, .)
                0x1ffff000                __HeapBase = .
                0x1ffff400                . = (. + HEAP_SIZE)
 *fill*         0x1ffff000      0x400 
                0x1ffff400                __HeapLimit = .

.stack          0x1ffff400      0x400
                0x1ffff400                . = ALIGN (0x8)
                0x1ffff800                . = (. + STACK_SIZE)
 *fill*         0x1ffff400      0x400 
                0x20003000                __StackTop = (ORIGIN (m_data) + 0x4000)
                0x20002c00                __StackLimit = (__StackTop - STACK_SIZE)
                0x20003000                PROVIDE (__stack, __StackTop)

.ARM.attributes
                0x00000000       0x30
 *(.ARM.attributes)
 .ARM.attributes
                0x00000000       0x32 ./08_Source/isr.o
 .ARM.attributes
                0x00000032       0x32 ./08_Source/main.o
 .ARM.attributes
                0x00000064       0x32 ./06_App_Component/switcher/switcher.o
 .ARM.attributes
                0x00000096       0x32 ./06_App_Component/light/light.o
 .ARM.attributes
                0x000000c8       0x32 ./05_Driver/gpio/gpio.o
 .ARM.attributes
                0x000000fa       0x1b ./03_MCU/startup_MKL25Z4.o
 .ARM.attributes
                0x00000115       0x32 ./03_MCU/system_MKL25Z4.o
                0x00000001                ASSERT ((__StackLimit >= __HeapLimit), region m_data overflowed with stack and heap)
OUTPUT(KL25_Light(Component).elf elf32-littlearm)

.debug_info     0x00000000     0x104c
 .debug_info    0x00000000       0xb1 ./08_Source/isr.o
 .debug_info    0x000000b1      0x102 ./08_Source/main.o
 .debug_info    0x000001b3       0xea ./06_App_Component/switcher/switcher.o
 .debug_info    0x0000029d      0x118 ./06_App_Component/light/light.o
 .debug_info    0x000003b5      0x858 ./05_Driver/gpio/gpio.o
 .debug_info    0x00000c0d       0x77 ./03_MCU/startup_MKL25Z4.o
 .debug_info    0x00000c84      0x3c8 ./03_MCU/system_MKL25Z4.o

.debug_abbrev   0x00000000      0x4ca
 .debug_abbrev  0x00000000       0x45 ./08_Source/isr.o
 .debug_abbrev  0x00000045       0x90 ./08_Source/main.o
 .debug_abbrev  0x000000d5       0x7d ./06_App_Component/switcher/switcher.o
 .debug_abbrev  0x00000152       0x7b ./06_App_Component/light/light.o
 .debug_abbrev  0x000001cd      0x1e9 ./05_Driver/gpio/gpio.o
 .debug_abbrev  0x000003b6       0x14 ./03_MCU/startup_MKL25Z4.o
 .debug_abbrev  0x000003ca      0x100 ./03_MCU/system_MKL25Z4.o

.debug_aranges  0x00000000      0x170
 .debug_aranges
                0x00000000       0x30 ./08_Source/isr.o
 .debug_aranges
                0x00000030       0x20 ./08_Source/main.o
 .debug_aranges
                0x00000050       0x28 ./06_App_Component/switcher/switcher.o
 .debug_aranges
                0x00000078       0x30 ./06_App_Component/light/light.o
 .debug_aranges
                0x000000a8       0x88 ./05_Driver/gpio/gpio.o
 .debug_aranges
                0x00000130       0x20 ./03_MCU/startup_MKL25Z4.o
 .debug_aranges
                0x00000150       0x20 ./03_MCU/system_MKL25Z4.o

.debug_ranges   0x00000000       0xf0
 .debug_ranges  0x00000000       0x20 ./08_Source/isr.o
 .debug_ranges  0x00000020       0x10 ./08_Source/main.o
 .debug_ranges  0x00000030       0x18 ./06_App_Component/switcher/switcher.o
 .debug_ranges  0x00000048       0x20 ./06_App_Component/light/light.o
 .debug_ranges  0x00000068       0x78 ./05_Driver/gpio/gpio.o
 .debug_ranges  0x000000e0       0x10 ./03_MCU/system_MKL25Z4.o

.debug_macro    0x00000000     0x977b
 .debug_macro   0x00000000       0xc4 ./08_Source/isr.o
 .debug_macro   0x000000c4      0x7f6 ./08_Source/isr.o
 .debug_macro   0x000008ba       0x16 ./08_Source/isr.o
 .debug_macro   0x000008d0       0x16 ./08_Source/isr.o
 .debug_macro   0x000008e6       0x44 ./08_Source/isr.o
 .debug_macro   0x0000092a      0x209 ./08_Source/isr.o
 .debug_macro   0x00000b33       0x3a ./08_Source/isr.o
 .debug_macro   0x00000b6d       0x3a ./08_Source/isr.o
 .debug_macro   0x00000ba7       0x26 ./08_Source/isr.o
 .debug_macro   0x00000bcd      0x306 ./08_Source/isr.o
 .debug_macro   0x00000ed3       0x10 ./08_Source/isr.o
 .debug_macro   0x00000ee3     0x839f ./08_Source/isr.o
 .debug_macro   0x00009282       0x2e ./08_Source/isr.o
 .debug_macro   0x000092b0       0x52 ./08_Source/isr.o
 .debug_macro   0x00009302       0x28 ./08_Source/isr.o
 .debug_macro   0x0000932a       0x1c ./08_Source/isr.o
 .debug_macro   0x00009346       0x16 ./08_Source/isr.o
 .debug_macro   0x0000935c       0xc4 ./08_Source/main.o
 .debug_macro   0x00009420       0xb2 ./06_App_Component/switcher/switcher.o
 .debug_macro   0x000094d2       0x16 ./06_App_Component/switcher/switcher.o
 .debug_macro   0x000094e8       0xb2 ./06_App_Component/light/light.o
 .debug_macro   0x0000959a       0x22 ./06_App_Component/light/light.o
 .debug_macro   0x000095bc       0xa9 ./05_Driver/gpio/gpio.o
 .debug_macro   0x00009665       0x4c ./05_Driver/gpio/gpio.o
 .debug_macro   0x000096b1       0x7e ./03_MCU/system_MKL25Z4.o
 .debug_macro   0x0000972f       0x4c ./03_MCU/system_MKL25Z4.o

.debug_line     0x00000000     0x13fc
 .debug_line    0x00000000      0x39b ./08_Source/isr.o
 .debug_line    0x0000039b      0x399 ./08_Source/main.o
 .debug_line    0x00000734      0x2ff ./06_App_Component/switcher/switcher.o
 .debug_line    0x00000a33      0x306 ./06_App_Component/light/light.o
 .debug_line    0x00000d39      0x3e3 ./05_Driver/gpio/gpio.o
 .debug_line    0x0000111c       0x70 ./03_MCU/startup_MKL25Z4.o
 .debug_line    0x0000118c      0x270 ./03_MCU/system_MKL25Z4.o

.debug_str      0x00000000    0x32102
 .debug_str     0x00000000    0x31b6a ./08_Source/isr.o
                              0x31f63 (size before relaxing)
 .debug_str     0x00031b6a       0x52 ./08_Source/main.o
                              0x31f6f (size before relaxing)
 .debug_str     0x00031bbc       0x58 ./06_App_Component/switcher/switcher.o
                              0x31ecb (size before relaxing)
 .debug_str     0x00031c14       0x48 ./06_App_Component/light/light.o
                              0x31ef2 (size before relaxing)
 .debug_str     0x00031c5c      0x387 ./05_Driver/gpio/gpio.o
                              0x32210 (size before relaxing)
 .debug_str     0x00031fe3      0x11f ./03_MCU/system_MKL25Z4.o
                              0x31d93 (size before relaxing)

.comment        0x00000000       0x70
 .comment       0x00000000       0x70 ./08_Source/isr.o
                                 0x71 (size before relaxing)
 .comment       0x00000000       0x71 ./08_Source/main.o
 .comment       0x00000000       0x71 ./06_App_Component/switcher/switcher.o
 .comment       0x00000000       0x71 ./06_App_Component/light/light.o
 .comment       0x00000000       0x71 ./05_Driver/gpio/gpio.o
 .comment       0x00000000       0x71 ./03_MCU/system_MKL25Z4.o

.debug_frame    0x00000000      0x354
 .debug_frame   0x00000000       0x64 ./08_Source/isr.o
 .debug_frame   0x00000064       0x30 ./08_Source/main.o
 .debug_frame   0x00000094       0x50 ./06_App_Component/switcher/switcher.o
 .debug_frame   0x000000e4       0x70 ./06_App_Component/light/light.o
 .debug_frame   0x00000154      0x1d0 ./05_Driver/gpio/gpio.o
 .debug_frame   0x00000324       0x30 ./03_MCU/system_MKL25Z4.o
